// Jest Snapshot v1, https://goo.gl/fbAQLP

exports[`<Home /> should render all components 1`] = `
<div>
  <video
    autoplay=""
    class="fixed w-auto min-w-full min-h-full max-w-none"
    loop=""
    playsinline=""
    preload="auto"
  >
    <img
      alt="busy avenue"
      src="/img/fake-bg.png"
    />
    <source
      src="/videos/bg.mp4"
      type="video/mp4"
    />
  </video>
  <main
    class="flex fixed justify-center items-center h-full w-full bg-black/60"
  >
    <section
      class="flex flex-col justify-around md:p-16 text-white max-w-2xl md:h-auto bg-black/60 p-8 h-screen"
    >
      <div
        class="mb-4 whitespace-nowrap"
      >
        <div
          class="mb-4 whitespace-nowrap text-greenyellow"
        >
          ~/Projects/tresende.github.io 
          <span
            class="text-gray-500"
          >
            main*
          </span>
        </div>
        <span
          class="text-cyan-300"
        >
          ❯ 
        </span>
        <span>
          cat readme.txt
        </span>
        <span
          class="blink"
        >
          _
        </span>
      </div>
      <div
        class="leading-8"
      >
        <p>
          Hello, friend.
        </p>
        <p>
          My name is Thiago Resende. I'm a software engineer living in Belo Horizonte, Brazil. I'm a technology fan, programming and coffee. These are my high-level skills:
        </p>
        <ul>
          <li
            class="pr-2"
          >
            React
          </li>
          <li
            class="pr-2"
          >
            Angular
          </li>
          <li
            class="pr-2"
          >
            Node
          </li>
          <li
            class="pr-2"
          >
            Flutter
          </li>
          <li
            class="pr-2"
          >
            SNES
          </li>
          <li
            class="pr-2"
          >
            Bass
          </li>
        </ul>
      </div>
      <footer
        class="flex content-between justify-center gap-2"
      >
        <a
          href="https://github.com/tresende"
          rel="noreferrer"
          target="_blank"
        >
          <img
            alt="github icon"
            height="32"
            src="/img/github.png"
            width="32"
          />
        </a>
        <a
          href="https://www.linkedin.com/in/thiago-resende-46175391"
          rel="noreferrer"
          target="_blank"
        >
          <img
            alt="linkedin icon"
            height="32"
            src="/img/linkedin.png"
            width="32"
          />
        </a>
        <a
          href="mailto:thiago.gcresende@gmail.com"
          rel="noreferrer"
          target="_blank"
        >
          <img
            alt="email icon"
            height="32"
            src="/img/email.png"
            width="32"
          />
        </a>
        <a
          href="https://www.instagram.com/thiago.gcr/"
          rel="noreferrer"
          target="_blank"
        >
          <img
            alt="instagram icon"
            height="32"
            src="/img/instagram.png"
            width="32"
          />
        </a>
      </footer>
    </section>
  </main>
  <div
    class="sm:hidden lg:block"
  >
    <a
      aria-label="Open GitHub project"
      class="github-corner"
      href="https://github.com/tresende/tresende.github.io"
    >
      <svg
        height="80"
        style="position: absolute; top: 0px; fill: #000; right: 0px;"
        viewBox="0 0 250 250"
        width="80"
      >
        <path
          class="octo-banner"
          d="M0 0l115 115h15l12 27 108 108V0z"
          fill="greenyellow"
        />
        <path
          class="octo-arm"
          d="M128 109c-15-9-9-19-9-19 3-7 2-11 2-11-1-7 3-2 3-2 4 5 2 11 2 11-3 10 5 15 9 16"
          style="transform-origin: 130px 106px;"
        />
        <path
          class="octo-body"
          d="M115 115s4 2 5 0l14-14c3-2 6-3 8-3-8-11-15-24 2-41 5-5 10-7 16-7 1-2 3-7 12-11 0 0 5 3 7 16 4 2 8 5 12 9s7 8 9 12c14 3 17 7 17 7-4 8-9 11-11 11 0 6-2 11-7 16-16 16-30 10-41 2 0 3-1 7-5 11l-12 11c-1 1 1 5 1 5z"
        />
      </svg>
    </a>
  </div>
</div>
`;
