// Jest Snapshot v1, https://goo.gl/fbAQLP

exports[`<Bio /> should render bio with skills 1`] = `
<div>
  <div
    class="leading-8"
  >
    <p>
      Hello, friend.
    </p>
    <p>
      My name is Thiago Resende. I'm a software engineer living in Belo Horizonte, Brazil. I'm a technology fan, programming and coffee. These are my high-level skills:
    </p>
    <ul>
      <li
        class="pr-2"
      >
        React
      </li>
      <li
        class="pr-2"
      >
        Angular
      </li>
      <li
        class="pr-2"
      >
        Node
      </li>
      <li
        class="pr-2"
      >
        Flutter
      </li>
      <li
        class="pr-2"
      >
        SNES
      </li>
      <li
        class="pr-2"
      >
        Bass
      </li>
    </ul>
  </div>
</div>
`;
