// Jest Snapshot v1, https://goo.gl/fbAQLP

exports[`<Video /> should render image fallaback 1`] = `
.c0 {
  position: fixed;
  left: 0;
  top: 0;
  min-width: 100%;
  min-height: 100%;
}

<div>
  <video
    autoplay=""
    class="c0"
    loop=""
    playsinline=""
    preload="auto"
  >
    <img
      alt="busy avenue"
      src="/img/fake-bg.png"
    />
    <source
      src="/videos/bg.mp4"
      type="video/mp4"
    />
  </video>
</div>
`;
