// Jest Snapshot v1, https://goo.gl/fbAQLP

exports[`<404 /> should render all components 1`] = `
.c0 {
  -webkit-animation: changeBackgroundColor 10s linear infinite;
  animation: changeBackgroundColor 10s linear infinite;
  text-shadow: -2px 0 white,0 2px white,2px 0 white,0 -2px white;
  display: -webkit-box;
  display: -webkit-flex;
  display: -ms-flexbox;
  display: flex;
  -webkit-flex-direction: column;
  -ms-flex-direction: column;
  flex-direction: column;
  -webkit-align-items: center;
  -webkit-box-align: center;
  -ms-flex-align: center;
  align-items: center;
  -webkit-box-pack: center;
  -webkit-justify-content: center;
  -ms-flex-pack: center;
  justify-content: center;
  height: 100vh;
}

.c1 {
  margin-top: 4rem;
  -webkit-animation: rotating 4s linear infinite;
  animation: rotating 4s linear infinite;
  -webkit-filter: drop-shadow(2px 2px 0 white) drop-shadow(-2px 2px 0 white) drop-shadow(2px -2px 0 white) drop-shadow(-2px -2px 0 white);
  filter: drop-shadow(2px 2px 0 white) drop-shadow(-2px 2px 0 white) drop-shadow(2px -2px 0 white) drop-shadow(-2px -2px 0 white);
}

<div>
  <main
    class="c0"
  >
    <h1>
      404
    </h1>
    <span>
      Ops... it looks like this page doesn\`t exist yet
    </span>
    <div
      class="c1"
    >
      <span
        style="box-sizing: border-box; display: inline-block; overflow: hidden; background: none; opacity: 1; border: 0px; margin: 0px; padding: 0px; position: relative; max-width: 100%;"
      >
        <span
          style="box-sizing: border-box; display: block; background: none; opacity: 1; border: 0px; margin: 0px; padding: 0px; max-width: 100%;"
        >
          <img
            alt=""
            aria-hidden="true"
            src="data:image/svg+xml;base64,PHN2ZyB3aWR0aD0iMjUwIiBoZWlnaHQ9IjMyMyIgeG1sbnM9Imh0dHA6Ly93d3cudzMub3JnLzIwMDAvc3ZnIiB2ZXJzaW9uPSIxLjEiLz4="
            style="display: block; max-width: 100%; background: none; opacity: 1; border: 0px; margin: 0px; padding: 0px;"
          />
        </span>
        <img
          alt="busy avenue"
          data-nimg="intrinsic"
          decoding="async"
          src="data:image/gif;base64,R0lGODlhAQABAIAAAAAAAP///yH5BAEAAAAALAAAAAABAAEAAAIBRAA7"
          style="position: absolute; top: 0px; left: 0px; bottom: 0px; right: 0px; box-sizing: border-box; padding: 0px; margin: auto; display: block; width: 0px; height: 0px; min-width: 100%; max-width: 100%; min-height: 100%; max-height: 100%;"
        />
        <noscript />
      </span>
    </div>
  </main>
</div>
`;
