// Vitest Snapshot v1, https://vitest.dev/guide/snapshot.html

exports[`<404 /> > should render all components 1`] = `
<div>
  <main
    class="not-found-page"
  >
    <h1
      class="text-3xl font-bold"
    >
      404
    </h1>
    <span>
      Ops... it looks like this page doesn\`t exist yet
    </span>
    <figure
      class="image"
    >
      <img
        alt="old man meme harold"
        src="/img/404.png"
      />
    </figure>
  </main>
</div>
`;
